{
  "comment": "Placeholder: Expected AST for example1.py will go here.",
  "ast_root": null
}
