{
  "comment": "Placeholder: Expected AST for example1.cpp will go here.",
  "ast_root": null
}
